<html>
<body>
<pre>
<h1>礦ision Build Log</h1>
<h2>Tool Versions:</h2>
IDE-Version: μVision V5.24.2.0
Copyright (C) 2017 ARM Ltd and ARM Germany GmbH. All rights reserved.
License Information: SEIUNSKAI pablo, Barcelona, LIC=585FJ-UTZZU-CXDU6-D1N19-R37TD-9MMKN
 
Tool Versions:
Toolchain:       MDK-ARM Plus  Version: 5.24.1
Toolchain Path:  D:\Keil5\ARM\ARMCC\Bin
C Compiler:      Armcc.exe V5.06 update 5 (build 528)
Assembler:       Armasm.exe V5.06 update 5 (build 528)
Linker/Locator:  ArmLink.exe V5.06 update 5 (build 528)
Library Manager: ArmAr.exe V5.06 update 5 (build 528)
Hex Converter:   FromElf.exe V5.06 update 5 (build 528)
CPU DLL:         SARMCM3.DLL V5.24.1
Dialog DLL:      DCM.DLL V1.16.0.0
Target DLL:      STLink\ST-LINKIII-KEIL_SWO.dll V3.0.1.0
Dialog DLL:      TCM.DLL V1.32.0.0
 
<h2>Project:</h2>
D:\Keil5\工程\读写备份寄存器\stm32.first.uvprojx
Project File Date:  08/19/2025

<h2>Output:</h2>
*** Using Compiler 'V5.06 update 5 (build 528)', folder: 'D:\Keil5\ARM\ARMCC\Bin'
Rebuild target 'Target 1'
creating preprocessor file for core_cm3.c...
assembling startup_stm32f10x_md.s...
creating preprocessor file for system_stm32f10x.c...
creating preprocessor file for misc.c...
compiling core_cm3.c...
creating preprocessor file for stm32f10x_adc.c...
compiling system_stm32f10x.c...
compiling misc.c...
creating preprocessor file for stm32f10x_bkp.c...
creating preprocessor file for stm32f10x_can.c...
compiling stm32f10x_adc.c...
compiling stm32f10x_bkp.c...
creating preprocessor file for stm32f10x_cec.c...
creating preprocessor file for stm32f10x_crc.c...
compiling stm32f10x_can.c...
compiling stm32f10x_cec.c...
creating preprocessor file for stm32f10x_dac.c...
compiling stm32f10x_crc.c...
creating preprocessor file for stm32f10x_dbgmcu.c...
compiling stm32f10x_dac.c...
creating preprocessor file for stm32f10x_dma.c...
compiling stm32f10x_dbgmcu.c...
creating preprocessor file for stm32f10x_exti.c...
compiling stm32f10x_dma.c...
creating preprocessor file for stm32f10x_flash.c...
compiling stm32f10x_exti.c...
creating preprocessor file for stm32f10x_fsmc.c...
creating preprocessor file for stm32f10x_gpio.c...
compiling stm32f10x_flash.c...
creating preprocessor file for stm32f10x_i2c.c...
compiling stm32f10x_fsmc.c...
creating preprocessor file for stm32f10x_iwdg.c...
compiling stm32f10x_gpio.c...
creating preprocessor file for stm32f10x_pwr.c...
compiling stm32f10x_i2c.c...
compiling stm32f10x_iwdg.c...
creating preprocessor file for stm32f10x_rcc.c...
compiling stm32f10x_pwr.c...
creating preprocessor file for stm32f10x_rtc.c...
creating preprocessor file for stm32f10x_sdio.c...
compiling stm32f10x_rcc.c...
creating preprocessor file for stm32f10x_spi.c...
compiling stm32f10x_rtc.c...
compiling stm32f10x_sdio.c...
creating preprocessor file for stm32f10x_tim.c...
creating preprocessor file for stm32f10x_usart.c...
compiling stm32f10x_spi.c...
creating preprocessor file for stm32f10x_wwdg.c...
compiling stm32f10x_tim.c...
creating preprocessor file for main.c...
compiling stm32f10x_usart.c...
compiling stm32f10x_wwdg.c...
creating preprocessor file for stm32f10x_it.c...
compiling main.c...
creating preprocessor file for Delay.c...
compiling stm32f10x_it.c...
creating preprocessor file for OLED.c...
compiling Delay.c...
compiling OLED.c...
linking...
Program Size: Code=1956 RO-data=1772 RW-data=0 ZI-data=1632  
".\Objects\stm32.first" - 0 Error(s), 0 Warning(s).

<h2>Software Packages used:</h2>

Package Vendor: Keil
                http://www.keil.com/pack/Keil.STM32F1xx_DFP.2.2.0.pack
                Keil.STM32F1xx_DFP.2.2.0
                STMicroelectronics STM32F1 Series Device Support, Drivers and Examples

<h2>Collection of Component include folders:</h2>
  .\RTE\_Target_1
  D:\Keil5\ARM\PACK\Keil\STM32F1xx_DFP\2.2.0\Device\Include

<h2>Collection of Component Files used:</h2>
Build Time Elapsed:  00:00:03
</pre>
</body>
</html>
